// Jest Snapshot v1, https://goo.gl/fbAQLP

exports[`Contact component tests should match the snapshot 1`] = `
ShallowWrapper {
  "length": 1,
  Symbol(enzyme.__root__): [Circular],
  Symbol(enzyme.__unrendered__): <Contact
    chamber="Senate"
    district={34}
    firstName="Lucia"
    id="COL000033"
    image="http://leg.colorado.gov/sites/default/files/styles/width_300/public/2017b_rsz_guzman-co-17.jpg?itok=kF6sK0P4"
    lastName="Guzman"
    occupation="Senator, District 34"
    party="Democrat"
    phone="303 866 4862"
    website="http://leg.colorado.gov/legislators/lucia-guzman"
/>,
  Symbol(enzyme.__renderer__): Object {
    "batchedUpdates": [Function],
    "getNode": [Function],
    "render": [Function],
    "simulateEvent": [Function],
    "unmount": [Function],
  },
  Symbol(enzyme.__node__): Object {
    "instance": null,
    "key": undefined,
    "nodeType": "host",
    "props": Object {
      "children": Array [
        <h1
          className="accent-hed"
>
           
          Senate
           District 
          34
</h1>,
        <div
          className="main-contact-content"
>
          <div
                    className="left-side-info"
          >
                    <img
                              alt="Lucia Guzman"
                              className="mugshot"
                              src="http://leg.colorado.gov/sites/default/files/styles/width_300/public/2017b_rsz_guzman-co-17.jpg?itok=kF6sK0P4"
                    />
          </div>
          <div
                    className="right-side-info"
          >
                    <div
                              className="lawmaker-name"
                    >
                              <h2
                                        className="secondary-hed"
                              >
                                         
                                        Lucia
                                         
                                        Guzman
                                         
                              </h2>
                    </div>
                    <p>
                               
                              <span
                                        className="label"
                              >
                                        Party:
                              </span>
                               
                              Democrat
                    </p>
                    <p>
                               
                              <span
                                        className="label"
                              >
                                         
                                        Website:
                                         
                              </span>
                              <a
                                        href="http://leg.colorado.gov/legislators/lucia-guzman"
                              >
                                         
                                        Lucia
                                         
                                        Guzman
                                        's Website 
                              </a>
                               
                    </p>
                    <p>
                               
                              <span
                                        className="label"
                              >
                                        Phone:
                                         
                              </span>
                               
                              303 866 4862
                               
                    </p>
                    <p>
                               
                              <span
                                        className="label"
                              >
                                        Occupation:
                                         
                              </span>
                               
                              Senator, District 34
                               
                    </p>
          </div>
</div>,
        <hr />,
      ],
      "className": "Contact",
    },
    "ref": null,
    "rendered": Array [
      Object {
        "instance": null,
        "key": undefined,
        "nodeType": "host",
        "props": Object {
          "children": Array [
            " ",
            "Senate",
            " District ",
            34,
          ],
          "className": "accent-hed",
        },
        "ref": null,
        "rendered": Array [
          " ",
          "Senate",
          " District ",
          34,
        ],
        "type": "h1",
      },
      Object {
        "instance": null,
        "key": undefined,
        "nodeType": "host",
        "props": Object {
          "children": Array [
            <div
              className="left-side-info"
>
              <img
                            alt="Lucia Guzman"
                            className="mugshot"
                            src="http://leg.colorado.gov/sites/default/files/styles/width_300/public/2017b_rsz_guzman-co-17.jpg?itok=kF6sK0P4"
              />
</div>,
            <div
              className="right-side-info"
>
              <div
                            className="lawmaker-name"
              >
                            <h2
                                          className="secondary-hed"
                            >
                                           
                                          Lucia
                                           
                                          Guzman
                                           
                            </h2>
              </div>
              <p>
                             
                            <span
                                          className="label"
                            >
                                          Party:
                            </span>
                             
                            Democrat
              </p>
              <p>
                             
                            <span
                                          className="label"
                            >
                                           
                                          Website:
                                           
                            </span>
                            <a
                                          href="http://leg.colorado.gov/legislators/lucia-guzman"
                            >
                                           
                                          Lucia
                                           
                                          Guzman
                                          's Website 
                            </a>
                             
              </p>
              <p>
                             
                            <span
                                          className="label"
                            >
                                          Phone:
                                           
                            </span>
                             
                            303 866 4862
                             
              </p>
              <p>
                             
                            <span
                                          className="label"
                            >
                                          Occupation:
                                           
                            </span>
                             
                            Senator, District 34
                             
              </p>
</div>,
          ],
          "className": "main-contact-content",
        },
        "ref": null,
        "rendered": Array [
          Object {
            "instance": null,
            "key": undefined,
            "nodeType": "host",
            "props": Object {
              "children": <img
                alt="Lucia Guzman"
                className="mugshot"
                src="http://leg.colorado.gov/sites/default/files/styles/width_300/public/2017b_rsz_guzman-co-17.jpg?itok=kF6sK0P4"
/>,
              "className": "left-side-info",
            },
            "ref": null,
            "rendered": Object {
              "instance": null,
              "key": undefined,
              "nodeType": "host",
              "props": Object {
                "alt": "Lucia Guzman",
                "className": "mugshot",
                "src": "http://leg.colorado.gov/sites/default/files/styles/width_300/public/2017b_rsz_guzman-co-17.jpg?itok=kF6sK0P4",
              },
              "ref": null,
              "rendered": null,
              "type": "img",
            },
            "type": "div",
          },
          Object {
            "instance": null,
            "key": undefined,
            "nodeType": "host",
            "props": Object {
              "children": Array [
                <div
                  className="lawmaker-name"
>
                  <h2
                                    className="secondary-hed"
                  >
                                     
                                    Lucia
                                     
                                    Guzman
                                     
                  </h2>
</div>,
                <p>
                   
                  <span
                                    className="label"
                  >
                                    Party:
                  </span>
                   
                  Democrat
</p>,
                <p>
                   
                  <span
                                    className="label"
                  >
                                     
                                    Website:
                                     
                  </span>
                  <a
                                    href="http://leg.colorado.gov/legislators/lucia-guzman"
                  >
                                     
                                    Lucia
                                     
                                    Guzman
                                    's Website 
                  </a>
                   
</p>,
                <p>
                   
                  <span
                                    className="label"
                  >
                                    Phone:
                                     
                  </span>
                   
                  303 866 4862
                   
</p>,
                <p>
                   
                  <span
                                    className="label"
                  >
                                    Occupation:
                                     
                  </span>
                   
                  Senator, District 34
                   
</p>,
              ],
              "className": "right-side-info",
            },
            "ref": null,
            "rendered": Array [
              Object {
                "instance": null,
                "key": undefined,
                "nodeType": "host",
                "props": Object {
                  "children": <h2
                    className="secondary-hed"
>
                     
                    Lucia
                     
                    Guzman
                     
</h2>,
                  "className": "lawmaker-name",
                },
                "ref": null,
                "rendered": Object {
                  "instance": null,
                  "key": undefined,
                  "nodeType": "host",
                  "props": Object {
                    "children": Array [
                      " ",
                      "Lucia",
                      " ",
                      "Guzman",
                      " ",
                    ],
                    "className": "secondary-hed",
                  },
                  "ref": null,
                  "rendered": Array [
                    " ",
                    "Lucia",
                    " ",
                    "Guzman",
                    " ",
                  ],
                  "type": "h2",
                },
                "type": "div",
              },
              Object {
                "instance": null,
                "key": undefined,
                "nodeType": "host",
                "props": Object {
                  "children": Array [
                    " ",
                    <span
                      className="label"
>
                      Party:
</span>,
                    " ",
                    "Democrat",
                  ],
                },
                "ref": null,
                "rendered": Array [
                  " ",
                  Object {
                    "instance": null,
                    "key": undefined,
                    "nodeType": "host",
                    "props": Object {
                      "children": "Party:",
                      "className": "label",
                    },
                    "ref": null,
                    "rendered": "Party:",
                    "type": "span",
                  },
                  " ",
                  "Democrat",
                ],
                "type": "p",
              },
              Object {
                "instance": null,
                "key": undefined,
                "nodeType": "host",
                "props": Object {
                  "children": Array [
                    " ",
                    <span
                      className="label"
>
                       
                      Website:
                       
</span>,
                    <a
                      href="http://leg.colorado.gov/legislators/lucia-guzman"
>
                       
                      Lucia
                       
                      Guzman
                      's Website 
</a>,
                    " ",
                  ],
                },
                "ref": null,
                "rendered": Array [
                  " ",
                  Object {
                    "instance": null,
                    "key": undefined,
                    "nodeType": "host",
                    "props": Object {
                      "children": Array [
                        " ",
                        "Website:",
                        " ",
                      ],
                      "className": "label",
                    },
                    "ref": null,
                    "rendered": Array [
                      " ",
                      "Website:",
                      " ",
                    ],
                    "type": "span",
                  },
                  Object {
                    "instance": null,
                    "key": undefined,
                    "nodeType": "host",
                    "props": Object {
                      "children": Array [
                        " ",
                        "Lucia",
                        " ",
                        "Guzman",
                        "'s Website ",
                      ],
                      "href": "http://leg.colorado.gov/legislators/lucia-guzman",
                    },
                    "ref": null,
                    "rendered": Array [
                      " ",
                      "Lucia",
                      " ",
                      "Guzman",
                      "'s Website ",
                    ],
                    "type": "a",
                  },
                  " ",
                ],
                "type": "p",
              },
              Object {
                "instance": null,
                "key": undefined,
                "nodeType": "host",
                "props": Object {
                  "children": Array [
                    " ",
                    <span
                      className="label"
>
                      Phone:
                       
</span>,
                    " ",
                    "303 866 4862",
                    " ",
                  ],
                },
                "ref": null,
                "rendered": Array [
                  " ",
                  Object {
                    "instance": null,
                    "key": undefined,
                    "nodeType": "host",
                    "props": Object {
                      "children": Array [
                        "Phone:",
                        " ",
                      ],
                      "className": "label",
                    },
                    "ref": null,
                    "rendered": Array [
                      "Phone:",
                      " ",
                    ],
                    "type": "span",
                  },
                  " ",
                  "303 866 4862",
                  " ",
                ],
                "type": "p",
              },
              Object {
                "instance": null,
                "key": undefined,
                "nodeType": "host",
                "props": Object {
                  "children": Array [
                    " ",
                    <span
                      className="label"
>
                      Occupation:
                       
</span>,
                    " ",
                    "Senator, District 34",
                    " ",
                  ],
                },
                "ref": null,
                "rendered": Array [
                  " ",
                  Object {
                    "instance": null,
                    "key": undefined,
                    "nodeType": "host",
                    "props": Object {
                      "children": Array [
                        "Occupation:",
                        " ",
                      ],
                      "className": "label",
                    },
                    "ref": null,
                    "rendered": Array [
                      "Occupation:",
                      " ",
                    ],
                    "type": "span",
                  },
                  " ",
                  "Senator, District 34",
                  " ",
                ],
                "type": "p",
              },
            ],
            "type": "div",
          },
        ],
        "type": "div",
      },
      Object {
        "instance": null,
        "key": undefined,
        "nodeType": "host",
        "props": Object {},
        "ref": null,
        "rendered": null,
        "type": "hr",
      },
    ],
    "type": "div",
  },
  Symbol(enzyme.__nodes__): Array [
    Object {
      "instance": null,
      "key": undefined,
      "nodeType": "host",
      "props": Object {
        "children": Array [
          <h1
            className="accent-hed"
>
             
            Senate
             District 
            34
</h1>,
          <div
            className="main-contact-content"
>
            <div
                        className="left-side-info"
            >
                        <img
                                    alt="Lucia Guzman"
                                    className="mugshot"
                                    src="http://leg.colorado.gov/sites/default/files/styles/width_300/public/2017b_rsz_guzman-co-17.jpg?itok=kF6sK0P4"
                        />
            </div>
            <div
                        className="right-side-info"
            >
                        <div
                                    className="lawmaker-name"
                        >
                                    <h2
                                                className="secondary-hed"
                                    >
                                                 
                                                Lucia
                                                 
                                                Guzman
                                                 
                                    </h2>
                        </div>
                        <p>
                                     
                                    <span
                                                className="label"
                                    >
                                                Party:
                                    </span>
                                     
                                    Democrat
                        </p>
                        <p>
                                     
                                    <span
                                                className="label"
                                    >
                                                 
                                                Website:
                                                 
                                    </span>
                                    <a
                                                href="http://leg.colorado.gov/legislators/lucia-guzman"
                                    >
                                                 
                                                Lucia
                                                 
                                                Guzman
                                                's Website 
                                    </a>
                                     
                        </p>
                        <p>
                                     
                                    <span
                                                className="label"
                                    >
                                                Phone:
                                                 
                                    </span>
                                     
                                    303 866 4862
                                     
                        </p>
                        <p>
                                     
                                    <span
                                                className="label"
                                    >
                                                Occupation:
                                                 
                                    </span>
                                     
                                    Senator, District 34
                                     
                        </p>
            </div>
</div>,
          <hr />,
        ],
        "className": "Contact",
      },
      "ref": null,
      "rendered": Array [
        Object {
          "instance": null,
          "key": undefined,
          "nodeType": "host",
          "props": Object {
            "children": Array [
              " ",
              "Senate",
              " District ",
              34,
            ],
            "className": "accent-hed",
          },
          "ref": null,
          "rendered": Array [
            " ",
            "Senate",
            " District ",
            34,
          ],
          "type": "h1",
        },
        Object {
          "instance": null,
          "key": undefined,
          "nodeType": "host",
          "props": Object {
            "children": Array [
              <div
                className="left-side-info"
>
                <img
                                alt="Lucia Guzman"
                                className="mugshot"
                                src="http://leg.colorado.gov/sites/default/files/styles/width_300/public/2017b_rsz_guzman-co-17.jpg?itok=kF6sK0P4"
                />
</div>,
              <div
                className="right-side-info"
>
                <div
                                className="lawmaker-name"
                >
                                <h2
                                                className="secondary-hed"
                                >
                                                 
                                                Lucia
                                                 
                                                Guzman
                                                 
                                </h2>
                </div>
                <p>
                                 
                                <span
                                                className="label"
                                >
                                                Party:
                                </span>
                                 
                                Democrat
                </p>
                <p>
                                 
                                <span
                                                className="label"
                                >
                                                 
                                                Website:
                                                 
                                </span>
                                <a
                                                href="http://leg.colorado.gov/legislators/lucia-guzman"
                                >
                                                 
                                                Lucia
                                                 
                                                Guzman
                                                's Website 
                                </a>
                                 
                </p>
                <p>
                                 
                                <span
                                                className="label"
                                >
                                                Phone:
                                                 
                                </span>
                                 
                                303 866 4862
                                 
                </p>
                <p>
                                 
                                <span
                                                className="label"
                                >
                                                Occupation:
                                                 
                                </span>
                                 
                                Senator, District 34
                                 
                </p>
</div>,
            ],
            "className": "main-contact-content",
          },
          "ref": null,
          "rendered": Array [
            Object {
              "instance": null,
              "key": undefined,
              "nodeType": "host",
              "props": Object {
                "children": <img
                  alt="Lucia Guzman"
                  className="mugshot"
                  src="http://leg.colorado.gov/sites/default/files/styles/width_300/public/2017b_rsz_guzman-co-17.jpg?itok=kF6sK0P4"
/>,
                "className": "left-side-info",
              },
              "ref": null,
              "rendered": Object {
                "instance": null,
                "key": undefined,
                "nodeType": "host",
                "props": Object {
                  "alt": "Lucia Guzman",
                  "className": "mugshot",
                  "src": "http://leg.colorado.gov/sites/default/files/styles/width_300/public/2017b_rsz_guzman-co-17.jpg?itok=kF6sK0P4",
                },
                "ref": null,
                "rendered": null,
                "type": "img",
              },
              "type": "div",
            },
            Object {
              "instance": null,
              "key": undefined,
              "nodeType": "host",
              "props": Object {
                "children": Array [
                  <div
                    className="lawmaker-name"
>
                    <h2
                                        className="secondary-hed"
                    >
                                         
                                        Lucia
                                         
                                        Guzman
                                         
                    </h2>
</div>,
                  <p>
                     
                    <span
                                        className="label"
                    >
                                        Party:
                    </span>
                     
                    Democrat
</p>,
                  <p>
                     
                    <span
                                        className="label"
                    >
                                         
                                        Website:
                                         
                    </span>
                    <a
                                        href="http://leg.colorado.gov/legislators/lucia-guzman"
                    >
                                         
                                        Lucia
                                         
                                        Guzman
                                        's Website 
                    </a>
                     
</p>,
                  <p>
                     
                    <span
                                        className="label"
                    >
                                        Phone:
                                         
                    </span>
                     
                    303 866 4862
                     
</p>,
                  <p>
                     
                    <span
                                        className="label"
                    >
                                        Occupation:
                                         
                    </span>
                     
                    Senator, District 34
                     
</p>,
                ],
                "className": "right-side-info",
              },
              "ref": null,
              "rendered": Array [
                Object {
                  "instance": null,
                  "key": undefined,
                  "nodeType": "host",
                  "props": Object {
                    "children": <h2
                      className="secondary-hed"
>
                       
                      Lucia
                       
                      Guzman
                       
</h2>,
                    "className": "lawmaker-name",
                  },
                  "ref": null,
                  "rendered": Object {
                    "instance": null,
                    "key": undefined,
                    "nodeType": "host",
                    "props": Object {
                      "children": Array [
                        " ",
                        "Lucia",
                        " ",
                        "Guzman",
                        " ",
                      ],
                      "className": "secondary-hed",
                    },
                    "ref": null,
                    "rendered": Array [
                      " ",
                      "Lucia",
                      " ",
                      "Guzman",
                      " ",
                    ],
                    "type": "h2",
                  },
                  "type": "div",
                },
                Object {
                  "instance": null,
                  "key": undefined,
                  "nodeType": "host",
                  "props": Object {
                    "children": Array [
                      " ",
                      <span
                        className="label"
>
                        Party:
</span>,
                      " ",
                      "Democrat",
                    ],
                  },
                  "ref": null,
                  "rendered": Array [
                    " ",
                    Object {
                      "instance": null,
                      "key": undefined,
                      "nodeType": "host",
                      "props": Object {
                        "children": "Party:",
                        "className": "label",
                      },
                      "ref": null,
                      "rendered": "Party:",
                      "type": "span",
                    },
                    " ",
                    "Democrat",
                  ],
                  "type": "p",
                },
                Object {
                  "instance": null,
                  "key": undefined,
                  "nodeType": "host",
                  "props": Object {
                    "children": Array [
                      " ",
                      <span
                        className="label"
>
                         
                        Website:
                         
</span>,
                      <a
                        href="http://leg.colorado.gov/legislators/lucia-guzman"
>
                         
                        Lucia
                         
                        Guzman
                        's Website 
</a>,
                      " ",
                    ],
                  },
                  "ref": null,
                  "rendered": Array [
                    " ",
                    Object {
                      "instance": null,
                      "key": undefined,
                      "nodeType": "host",
                      "props": Object {
                        "children": Array [
                          " ",
                          "Website:",
                          " ",
                        ],
                        "className": "label",
                      },
                      "ref": null,
                      "rendered": Array [
                        " ",
                        "Website:",
                        " ",
                      ],
                      "type": "span",
                    },
                    Object {
                      "instance": null,
                      "key": undefined,
                      "nodeType": "host",
                      "props": Object {
                        "children": Array [
                          " ",
                          "Lucia",
                          " ",
                          "Guzman",
                          "'s Website ",
                        ],
                        "href": "http://leg.colorado.gov/legislators/lucia-guzman",
                      },
                      "ref": null,
                      "rendered": Array [
                        " ",
                        "Lucia",
                        " ",
                        "Guzman",
                        "'s Website ",
                      ],
                      "type": "a",
                    },
                    " ",
                  ],
                  "type": "p",
                },
                Object {
                  "instance": null,
                  "key": undefined,
                  "nodeType": "host",
                  "props": Object {
                    "children": Array [
                      " ",
                      <span
                        className="label"
>
                        Phone:
                         
</span>,
                      " ",
                      "303 866 4862",
                      " ",
                    ],
                  },
                  "ref": null,
                  "rendered": Array [
                    " ",
                    Object {
                      "instance": null,
                      "key": undefined,
                      "nodeType": "host",
                      "props": Object {
                        "children": Array [
                          "Phone:",
                          " ",
                        ],
                        "className": "label",
                      },
                      "ref": null,
                      "rendered": Array [
                        "Phone:",
                        " ",
                      ],
                      "type": "span",
                    },
                    " ",
                    "303 866 4862",
                    " ",
                  ],
                  "type": "p",
                },
                Object {
                  "instance": null,
                  "key": undefined,
                  "nodeType": "host",
                  "props": Object {
                    "children": Array [
                      " ",
                      <span
                        className="label"
>
                        Occupation:
                         
</span>,
                      " ",
                      "Senator, District 34",
                      " ",
                    ],
                  },
                  "ref": null,
                  "rendered": Array [
                    " ",
                    Object {
                      "instance": null,
                      "key": undefined,
                      "nodeType": "host",
                      "props": Object {
                        "children": Array [
                          "Occupation:",
                          " ",
                        ],
                        "className": "label",
                      },
                      "ref": null,
                      "rendered": Array [
                        "Occupation:",
                        " ",
                      ],
                      "type": "span",
                    },
                    " ",
                    "Senator, District 34",
                    " ",
                  ],
                  "type": "p",
                },
              ],
              "type": "div",
            },
          ],
          "type": "div",
        },
        Object {
          "instance": null,
          "key": undefined,
          "nodeType": "host",
          "props": Object {},
          "ref": null,
          "rendered": null,
          "type": "hr",
        },
      ],
      "type": "div",
    },
  ],
  Symbol(enzyme.__options__): Object {
    "adapter": ReactSixteenAdapter {
      "options": Object {
        "enableComponentDidUpdateOnSetState": true,
      },
    },
  },
}
`;
