// Jest Snapshot v1, https://goo.gl/fbAQLP

exports[`header comoponent tests should match the snapshot 1`] = `
ShallowWrapper {
  "length": 1,
  Symbol(enzyme.__root__): [Circular],
  Symbol(enzyme.__unrendered__): <Header />,
  Symbol(enzyme.__renderer__): Object {
    "batchedUpdates": [Function],
    "getNode": [Function],
    "render": [Function],
    "simulateEvent": [Function],
    "unmount": [Function],
  },
  Symbol(enzyme.__node__): Object {
    "instance": null,
    "key": undefined,
    "nodeType": "host",
    "props": Object {
      "children": <header>
        <div
                className="logo"
        >
                <Link
                        replace={false}
                        to="/"
                >
                        <img
                                alt="logo"
                                src="accountable-logo2-02.png"
                        />
                </Link>
        </div>
</header>,
      "className": "header",
    },
    "ref": null,
    "rendered": Object {
      "instance": null,
      "key": undefined,
      "nodeType": "host",
      "props": Object {
        "children": <div
          className="logo"
>
          <Link
                    replace={false}
                    to="/"
          >
                    <img
                              alt="logo"
                              src="accountable-logo2-02.png"
                    />
          </Link>
</div>,
      },
      "ref": null,
      "rendered": Object {
        "instance": null,
        "key": undefined,
        "nodeType": "host",
        "props": Object {
          "children": <Link
            replace={false}
            to="/"
>
            <img
                        alt="logo"
                        src="accountable-logo2-02.png"
            />
</Link>,
          "className": "logo",
        },
        "ref": null,
        "rendered": Object {
          "instance": null,
          "key": undefined,
          "nodeType": "class",
          "props": Object {
            "children": <img
              alt="logo"
              src="accountable-logo2-02.png"
/>,
            "replace": false,
            "to": "/",
          },
          "ref": null,
          "rendered": Object {
            "instance": null,
            "key": undefined,
            "nodeType": "host",
            "props": Object {
              "alt": "logo",
              "src": "accountable-logo2-02.png",
            },
            "ref": null,
            "rendered": null,
            "type": "img",
          },
          "type": [Function],
        },
        "type": "div",
      },
      "type": "header",
    },
    "type": "div",
  },
  Symbol(enzyme.__nodes__): Array [
    Object {
      "instance": null,
      "key": undefined,
      "nodeType": "host",
      "props": Object {
        "children": <header>
          <div
                    className="logo"
          >
                    <Link
                              replace={false}
                              to="/"
                    >
                              <img
                                        alt="logo"
                                        src="accountable-logo2-02.png"
                              />
                    </Link>
          </div>
</header>,
        "className": "header",
      },
      "ref": null,
      "rendered": Object {
        "instance": null,
        "key": undefined,
        "nodeType": "host",
        "props": Object {
          "children": <div
            className="logo"
>
            <Link
                        replace={false}
                        to="/"
            >
                        <img
                                    alt="logo"
                                    src="accountable-logo2-02.png"
                        />
            </Link>
</div>,
        },
        "ref": null,
        "rendered": Object {
          "instance": null,
          "key": undefined,
          "nodeType": "host",
          "props": Object {
            "children": <Link
              replace={false}
              to="/"
>
              <img
                            alt="logo"
                            src="accountable-logo2-02.png"
              />
</Link>,
            "className": "logo",
          },
          "ref": null,
          "rendered": Object {
            "instance": null,
            "key": undefined,
            "nodeType": "class",
            "props": Object {
              "children": <img
                alt="logo"
                src="accountable-logo2-02.png"
/>,
              "replace": false,
              "to": "/",
            },
            "ref": null,
            "rendered": Object {
              "instance": null,
              "key": undefined,
              "nodeType": "host",
              "props": Object {
                "alt": "logo",
                "src": "accountable-logo2-02.png",
              },
              "ref": null,
              "rendered": null,
              "type": "img",
            },
            "type": [Function],
          },
          "type": "div",
        },
        "type": "header",
      },
      "type": "div",
    },
  ],
  Symbol(enzyme.__options__): Object {
    "adapter": ReactSixteenAdapter {
      "options": Object {
        "enableComponentDidUpdateOnSetState": true,
      },
    },
  },
}
`;
